// Jest Snapshot v1, https://goo.gl/fbAQLP

exports[`List gets populated with items 1`] = `
<div>
  <div>
    1
  </div>
</div>
`;
